X-Sieve: CMU Sieve 2.4
X-Virus-Scanned: amavisd-new at mx.domain.de
Message-ID: <52CDD362.2020009@domain.de>
Date: Wed, 08 Jan 2014 23:38:26 +0100
From: Daniel <daniel@domain.de>
MIME-Version: 1.0
To: <alec@domain.de>
Subject: Hello
Content-Type: text/plain; charset=ISO-8859-15; format=flowed

Hello
