X-Sieve: CMU Sieve 2.4
X-Virus-Scanned: amavisd-new at mx.domain.de
Message-ID: <52CDD362.2020009@domain.de>
Date: Wed, 08 Jan 2014 23:38:26 +0100
From: Daniel <daniel@domain.de>
MIME-Version: 1.0
To: <alec@domain.de>
Subject: Bitte um =?ISO-8859-15?Q?R=FCckruf?=
Content-Type: text/plain; charset=ISO-8859-15; format=flowed
Content-Transfer-Encoding: base64

SGFsbG8gQmr2cm4sDQpiaXR0ZSBydWZlIG1pY2ggZG9jaCBtYWwgZ2FueiBkcmluZ2VuZCB6dXL8
Y2suIDAxNzgtNTIxNzAyOQ0KDQpMaWViZSBHcvzfZQ0KRGFuaWVs
